******************************************************************************
             TMS320C2000 Linker PC v22.6.0                     
******************************************************************************
>> Linked Sat May 18 13:37:11 2024

OUTPUT FILE NAME:   <adc_lp_f2837xd.out>
ENTRY POINT SYMBOL: "code_start"  address: 00000000


MEMORY CONFIGURATION

         name            origin    length      used     unused   attr    fill
----------------------  --------  ---------  --------  --------  ----  --------
PAGE 0:
  BEGIN                 00000000   00000002  00000002  00000000  RWIX
  RAMM0                 00000123   000002dd  00000040  0000029d  RWIX
  RAMLS0                00008000   00000800  000007fd  00000003  RWIX
  RAMLS1                00008800   00000800  00000576  0000028a  RWIX
  RAMLS2                00009000   00000800  00000000  00000800  RWIX
  RAMLS3                00009800   00000800  00000000  00000800  RWIX
  RAMLS4                0000a000   00000800  00000000  00000800  RWIX
  RAMD0                 0000b000   00000800  00000800  00000000  RWIX
  FLASHA                00080002   00001ffe  00000000  00001ffe  RWIX
  FLASHB                00082000   00002000  00000000  00002000  RWIX
  FLASHC                00084000   00002000  00000000  00002000  RWIX
  FLASHD                00086000   00002000  00000000  00002000  RWIX
  FLASHE                00088000   00008000  00000000  00008000  RWIX
  FLASHF                00090000   00008000  00000000  00008000  RWIX
  FLASHG                00098000   00008000  00000000  00008000  RWIX
  FLASHH                000a0000   00008000  00000000  00008000  RWIX
  FLASHI                000a8000   00008000  00000000  00008000  RWIX
  FLASHJ                000b0000   00008000  00000000  00008000  RWIX
  FLASHK                000b8000   00002000  00000000  00002000  RWIX
  FLASHL                000ba000   00002000  00000000  00002000  RWIX
  FLASHM                000bc000   00002000  00000000  00002000  RWIX
  FLASHN                000be000   00001ff0  00000000  00001ff0  RWIX
  RESET                 003fffc0   00000002  00000000  00000002  RWIX

PAGE 1:
  BOOT_RSVD             00000002   00000121  00000000  00000121  RWIX
  RAMM1                 00000400   000003f8  00000100  000002f8  RWIX
  RAMLS5                0000a800   00000800  0000042f  000003d1  RWIX
  RAMD1                 0000b800   00000800  00000000  00000800  RWIX
  RAMGS0                0000c000   00001000  00000000  00001000  RWIX
  RAMGS1                0000d000   00001000  00000000  00001000  RWIX
  RAMGS2                0000e000   00001000  00000000  00001000  RWIX
  RAMGS3                0000f000   00001000  00000000  00001000  RWIX
  RAMGS4                00010000   00001000  00000000  00001000  RWIX
  RAMGS5                00011000   00001000  00000000  00001000  RWIX
  RAMGS6                00012000   00001000  00000000  00001000  RWIX
  RAMGS7                00013000   00001000  00000000  00001000  RWIX
  RAMGS8                00014000   00001000  00000000  00001000  RWIX
  RAMGS9                00015000   00001000  00000000  00001000  RWIX
  RAMGS10               00016000   00001000  00000000  00001000  RWIX
  RAMGS11               00017000   00001000  00000000  00001000  RWIX
  RAMGS12               00018000   00001000  00000000  00001000  RWIX
  RAMGS13               00019000   00001000  00000000  00001000  RWIX
  RAMGS14               0001a000   00001000  00000000  00001000  RWIX
  RAMGS15               0001b000   00000ff8  00000000  00000ff8  RWIX
  CPU2TOCPU1RAM         0003f800   00000400  00000000  00000400  RWIX
  CPU1TOCPU2RAM         0003fc00   00000400  00000000  00000400  RWIX
  CANA_MSG_RAM          00049000   00000800  00000000  00000800  RWIX
  CANB_MSG_RAM          0004b000   00000800  00000000  00000800  RWIX


SECTION ALLOCATION MAP

 output                                  attributes/
section   page    origin      length       input sections
--------  ----  ----------  ----------   ----------------
codestart 
*          0    00000000    00000002     
                  00000000    00000002     F2837xD_CodeStartBranch.obj (codestart)

.cinit     0    00000128    0000003c     
                  00000128    00000027     (.cinit..data.load) [load image, compression = lzss]
                  0000014f    00000001     --HOLE-- [fill = 0]
                  00000150    00000006     (__TI_handler_table)
                  00000156    00000004     (.cinit..bss.load) [load image, compression = zero_init]
                  0000015a    00000002     --HOLE-- [fill = 0]
                  0000015c    00000008     (__TI_cinit_table)

.reset     0    003fffc0    00000000     DSECT

.stack     1    00000400    00000100     UNINITIALIZED
                  00000400    00000100     --HOLE--

.bss       1    0000abcb    00000034     UNINITIALIZED
                  0000abcb    00000032     lab_main.obj (.bss:AdcBuf)
                  0000abfd    00000002     lab_main.obj (.bss)

.init_array 
*          0    00000123    00000000     UNINITIALIZED

.const     1    0000a800    000003cb     
                  0000a800    00000110     board.obj (.const:.string)
                  0000a910    000000cc     lab_main.obj (.const:.string)
                  0000a9dc    000000c2     driverlib_eabi.lib : sysctl.obj (.const:.string)
                  0000aa9e    000000bc                        : gpio.obj (.const:.string)
                  0000ab5a    0000005d                        : adc.obj (.const:.string)
                  0000abb7    00000001     --HOLE-- [fill = 0]
                  0000abb8    00000013     device.obj (.const:.string)

.data      1    0000ac00    00000030     UNINITIALIZED
                  0000ac00    00000019     lab_main.obj (.data:QuadratureTable)
                  0000ac19    00000001     --HOLE--
                  0000ac1a    00000006     device.obj (.data)
                  0000ac20    00000006     lab_main.obj (.data)
                  0000ac26    00000006     rts2800_fpu32_eabi.lib : exit.c.obj (.data)
                  0000ac2c    00000002                            : _lock.c.obj (.data:_lock)
                  0000ac2e    00000002                            : _lock.c.obj (.data:_unlock)

.TI.ramfunc 
*          0    00000123    00000004     
                  00000123    00000004     driverlib_eabi.lib : sysctl.obj (.TI.ramfunc)

GETBUFFER 
*          0    0003f800    00000000     DSECT

GETWRITEIDX 
*          0    0003f800    00000000     DSECT

PUTREADIDX 
*          0    0003f800    00000000     DSECT

.text.1    0    00008000    000007fd     
                  00008000    000003fd     device.obj (.text)
                  000083fd    00000209     driverlib_eabi.lib : sysctl.obj (.text:SysCtl_setClock)
                  00008606    00000090                        : sysctl.obj (.text:SysCtl_selectXTAL)
                  00008696    00000088     rts2800_fpu32_eabi.lib : fs_div28.asm.obj (.text)
                  0000871e    0000007f     lab_main.obj (.text:retain)
                  0000879d    00000060     driverlib_eabi.lib : adc.obj (.text:ADC_setOffsetTrim)

.text.2    0    00008800    00000576     
                  00008800    0000006f     driverlib_eabi.lib : adc.obj (.text:ADC_setINLTrim)
                  0000886f    00000068                        : sysctl.obj (.text:SysCtl_getDeviceParametric)
                  000088d7    00000052                        : gpio.obj (.text:GPIO_setPadConfig)
                  00008929    00000051                        : sysctl.obj (.text:SysCtl_getClock)
                  0000897a    00000048                        : sysctl.obj (.text:SysCtl_selectOscSource)
                  000089c2    00000037                        : gpio.obj (.text:GPIO_setControllerCore)
                  000089f9    00000037                        : gpio.obj (.text:GPIO_setPinConfig)
                  00008a30    00000037                        : gpio.obj (.text:GPIO_setQualificationMode)
                  00008a67    00000037                        : interrupt.obj (.text:Interrupt_enable)
                  00008a9e    00000031                        : gpio.obj (.text:GPIO_setDirectionMode)
                  00008acf    0000002f                        : adc.obj (.text:ADC_setMode)
                  00008afe    0000002e     rts2800_fpu32_eabi.lib : copy_decompress_lzss.c.obj (.text:decompress:lzss)
                  00008b2c    0000002b                            : autoinit.c.obj (.text:__TI_auto_init_nobinit_nopinit)
                  00008b57    00000029                            : exit.c.obj (.text)
                  00008b80    00000028     driverlib_eabi.lib : sysctl.obj (.text:CPUTimer_selectClockSource)
                  00008ba8    0000001f                        : sysctl.obj (.text:CPUTimer_getTimerOverflowStatus)
                  00008bc7    0000001e                        : interrupt.obj (.text:Interrupt_initVectorTable)
                  00008be5    0000001d     rts2800_fpu32_eabi.lib : memcpy.c.obj (.text)
                  00008c02    0000001b     driverlib_eabi.lib : adc.obj (.text:ADC_isBaseValid)
                  00008c1d    0000001a                        : sysctl.obj (.text:CPUTimer_startTimer)
                  00008c37    0000001a                        : sysctl.obj (.text:SysCtl_getLowSpeedClock)
                  00008c51    00000017                        : sysctl.obj (.text:CPUTimer_isBaseValid)
                  00008c68    00000017     rts2800_fpu32_eabi.lib : boot28.asm.obj (.text)
                  00008c7f    00000016     driverlib_eabi.lib : interrupt.obj (.text:Interrupt_defaultHandler)
                  00008c95    00000014                        : sysctl.obj (.text:CPUTimer_stopTimer)
                  00008ca9    00000012                        : sysctl.obj (.text:CPUTimer_clearOverflowFlag)
                  00008cbb    00000012                        : sysctl.obj (.text:CPUTimer_disableInterrupt)
                  00008ccd    00000011                        : sysctl.obj (.text:CPUTimer_setPeriod)
                  00008cde    0000000f                        : sysctl.obj (.text:SysCtl_pollCpuTimer)
                  00008ced    0000000e                        : gpio.obj (.text:GPIO_isPinValid)
                  00008cfb    0000000d                        : interrupt.obj (.text:Interrupt_disableGlobal)
                  00008d08    0000000d                        : interrupt.obj (.text:Interrupt_enableGlobal)
                  00008d15    0000000d     rts2800_fpu32_eabi.lib : copy_zero_init.c.obj (.text:decompress:ZI:__TI_zero_init_nomemset)
                  00008d22    0000000c                            : args_main.c.obj (.text)
                  00008d2e    0000000b     driverlib_eabi.lib : sysctl.obj (.text:SysCtl_isMCDClockFailureDetected)
                  00008d39    0000000a                        : interrupt.obj (.text:Interrupt_illegalOperationHandler)
                  00008d43    0000000a                        : interrupt.obj (.text:Interrupt_nmiHandler)
                  00008d4d    00000009                        : sysctl.obj (.text:SysCtl_serviceWatchdog)
                  00008d56    00000009     rts2800_fpu32_eabi.lib : _lock.c.obj (.text)
                  00008d5f    00000008     F2837xD_CodeStartBranch.obj (.text)
                  00008d67    00000008     rts2800_fpu32_eabi.lib : copy_decompress_none.c.obj (.text:decompress:none)
                  00008d6f    00000007     driverlib_eabi.lib : sysctl.obj (.text:SysCtl_resetMCD)

.text.3    0    0000b000    00000800     
                  0000b000    000006ff     board.obj (.text)
                  0000b6ff    000000c1     lab_main.obj (.text)
                  0000b7c0    0000003d     driverlib_eabi.lib : interrupt.obj (.text:Interrupt_initModule)
                  0000b7fd    00000002     rts2800_fpu32_eabi.lib : pre_init.c.obj (.text)
                  0000b7ff    00000001                            : startup.c.obj (.text)

MODULE SUMMARY

       Module                        code   ro data   rw data
       ------                        ----   -------   -------
    .\
       lab_main.obj                  320    204       83     
    +--+-----------------------------+------+---------+---------+
       Total:                        320    204       83     
                                                             
    .\device\
       device.obj                    1021   19        6      
       F2837xD_CodeStartBranch.obj   10     0         0      
    +--+-----------------------------+------+---------+---------+
       Total:                        1031   19        6      
                                                             
    .\syscfg\
       board.obj                     1791   272       0      
    +--+-----------------------------+------+---------+---------+
       Total:                        1791   272       0      
                                                             
    D:\ti\c2000\C2000Ware_5_02_00_00\driverlib\f2837xd\driverlib\ccs\Debug\driverlib_eabi.lib
       sysctl.obj                    1187   194       0      
       gpio.obj                      310    188       0      
       adc.obj                       281    93        0      
       interrupt.obj                 214    0         0      
    +--+-----------------------------+------+---------+---------+
       Total:                        1992   475       0      
                                                             
    D:\ti\ccs1240\ccs\tools\compiler\ti-cgt-c2000_22.6.0.LTS\lib\rts2800_fpu32_eabi.lib
       fs_div28.asm.obj              136    0         0      
       exit.c.obj                    41     0         6      
       copy_decompress_lzss.c.obj    46     0         0      
       autoinit.c.obj                43     0         0      
       memcpy.c.obj                  29     0         0      
       boot28.asm.obj                23     0         0      
       _lock.c.obj                   9      0         4      
       copy_zero_init.c.obj          13     0         0      
       args_main.c.obj               12     0         0      
       copy_decompress_none.c.obj    8      0         0      
       pre_init.c.obj                2      0         0      
       startup.c.obj                 1      0         0      
    +--+-----------------------------+------+---------+---------+
       Total:                        363    0         10     
                                                             
       Stack:                        0      0         256    
       Linker Generated:             0      57        0      
    +--+-----------------------------+------+---------+---------+
       Grand Total:                  5497   1027      355    


LINKER GENERATED COPY TABLES

__TI_cinit_table @ 0000015c records: 2, size/record: 4, table size: 8
	.data: load addr=00000128, load size=00000027 bytes, run addr=0000ac00, run size=00000030 bytes, compression=lzss
	.bss: load addr=00000156, load size=00000004 bytes, run addr=0000abcb, run size=00000034 bytes, compression=zero_init


LINKER GENERATED HANDLER TABLE

__TI_handler_table @ 00000150 records: 3, size/record: 2, table size: 6
	index: 0, handler: __TI_zero_init
	index: 1, handler: __TI_decompress_lzss
	index: 2, handler: __TI_decompress_none


GLOBAL DATA SYMBOLS: SORTED BY DATA PAGE

address     data page           name
--------    ----------------    ----
00000400      10 (00000400)     __stack

0000abcb     2af (0000abc0)     AdcBuf
0000abfd     2af (0000abc0)     DacOutput
0000abfe     2af (0000abc0)     DacOffset

0000ac00     2b0 (0000ac00)     QuadratureTable
0000ac1a     2b0 (0000ac00)     Example_Result
0000ac1c     2b0 (0000ac00)     Example_PassCount
0000ac1e     2b0 (0000ac00)     Example_Fail
0000ac20     2b0 (0000ac00)     DEBUG_TOGGLE
0000ac21     2b0 (0000ac00)     SINE_ENABLE
0000ac26     2b0 (0000ac00)     __TI_enable_exit_profile_output
0000ac28     2b0 (0000ac00)     __TI_cleanup_ptr
0000ac2a     2b0 (0000ac00)     __TI_dtors_ptr
0000ac2c     2b0 (0000ac00)     _lock
0000ac2e     2b0 (0000ac00)     _unlock


GLOBAL SYMBOLS: SORTED ALPHABETICALLY BY Name 

page  address   name                                     
----  -------   ----                                     
0     0000b561  ADC_init                                 
0     00008800  ADC_setINLTrim                           
0     00008acf  ADC_setMode                              
0     0000879d  ADC_setOffsetTrim                        
1     0000abcb  AdcBuf                                   
0     0000b524  Board_init                               
0     00008b57  C$$EXIT                                  
0     0000b5ac  DAC_init                                 
1     0000ac20  DEBUG_TOGGLE                             
1     0000abfe  DacOffset                                
1     0000abfd  DacOutput                                
0     00008271  Device_bootCPU2                          
0     00008240  Device_configureTMXAnalogTrim            
0     000080ee  Device_enableAllPeripherals              
0     0000822a  Device_enableUnbondedGPIOPullups         
0     0000820d  Device_enableUnbondedGPIOPullupsFor100Pin
0     000081fa  Device_enableUnbondedGPIOPullupsFor176Pin
0     000080ae  Device_init                              
0     000081d9  Device_initGPIO                          
0     0000b5c8  EPWM_init                                
1     0000ac1e  Example_Fail                             
1     0000ac1c  Example_PassCount                        
1     0000ac1a  Example_Result                           
0     000083fc  Example_done                             
0     000083f7  Example_setResultFail                    
0     000083f2  Example_setResultPass                    
0     0000b687  GPIO_init                                
0     000089c2  GPIO_setControllerCore                   
0     00008a9e  GPIO_setDirectionMode                    
0     000088d7  GPIO_setPadConfig                        
0     000089f9  GPIO_setPinConfig                        
0     00008a30  GPIO_setQualificationMode                
0     0000b6d4  INTERRUPT_init                           
0     0000871e  INT_myADCA_1_ISR                         
0     00008c7f  Interrupt_defaultHandler                 
0     00008a67  Interrupt_enable                         
0     00008d39  Interrupt_illegalOperationHandler        
0     0000b7c0  Interrupt_initModule                     
0     00008bc7  Interrupt_initVectorTable                
0     00008d43  Interrupt_nmiHandler                     
0     0000b535  PinMux_init                              
1     0000ac00  QuadratureTable                          
1     0000ac21  SINE_ENABLE                              
0     0000b6e1  SYNC_init                                
0     00000123  SysCtl_delay                             
0     00008929  SysCtl_getClock                          
0     0000886f  SysCtl_getDeviceParametric               
0     00008c37  SysCtl_getLowSpeedClock                  
0     0000897a  SysCtl_selectOscSource                   
0     00008606  SysCtl_selectXTAL                        
0     000083fd  SysCtl_setClock                          
0     0000015c  __TI_CINIT_Base                          
0     00000164  __TI_CINIT_Limit                         
0     00000164  __TI_CINIT_Warm                          
0     00000150  __TI_Handler_Table_Base                  
0     00000156  __TI_Handler_Table_Limit                 
1     00000500  __TI_STACK_END                           
abs   00000100  __TI_STACK_SIZE                          
0     00008b2c  __TI_auto_init_nobinit_nopinit           
1     0000ac28  __TI_cleanup_ptr                         
0     00008afe  __TI_decompress_lzss                     
0     00008d67  __TI_decompress_none                     
1     0000ac2a  __TI_dtors_ptr                           
1     0000ac26  __TI_enable_exit_profile_output          
abs   ffffffff  __TI_pprof_out_hndl                      
abs   ffffffff  __TI_prof_data_size                      
abs   ffffffff  __TI_prof_data_start                     
0     00008d15  __TI_zero_init_nomemset                  
0     00008696  __c28xabi_divf                           
n/a   UNDEFED   __c_args__                               
0     000083eb  __error__                                
1     00000400  __stack                                  
0     00008d22  _args_main                               
0     00008c68  _c_int00                                 
1     0000ac2c  _lock                                    
0     00008d5e  _nop                                     
0     00008d5a  _register_lock                           
0     00008d56  _register_unlock                         
0     0000b7ff  _system_post_cinit                       
0     0000b7fd  _system_pre_init                         
1     0000ac2e  _unlock                                  
0     00008b57  abort                                    
0     00000000  code_start                               
0     00008b59  exit                                     
0     0000b7b5  main                                     
0     00008be5  memcpy                                   
0     0000b564  myADCA_init                              
0     0000b6c0  myBoardLED0_GPIO_init                    
0     0000b5af  myDACB_init                              
0     0000b68e  myGPIOHigh_init                          
0     0000b6a7  myGPIOToggle_init                        


GLOBAL SYMBOLS: SORTED BY Symbol Address 

page  address   name                                     
----  -------   ----                                     
0     00000000  code_start                               
0     00000123  SysCtl_delay                             
0     00000150  __TI_Handler_Table_Base                  
0     00000156  __TI_Handler_Table_Limit                 
0     0000015c  __TI_CINIT_Base                          
0     00000164  __TI_CINIT_Limit                         
0     00000164  __TI_CINIT_Warm                          
0     000080ae  Device_init                              
0     000080ee  Device_enableAllPeripherals              
0     000081d9  Device_initGPIO                          
0     000081fa  Device_enableUnbondedGPIOPullupsFor176Pin
0     0000820d  Device_enableUnbondedGPIOPullupsFor100Pin
0     0000822a  Device_enableUnbondedGPIOPullups         
0     00008240  Device_configureTMXAnalogTrim            
0     00008271  Device_bootCPU2                          
0     000083eb  __error__                                
0     000083f2  Example_setResultPass                    
0     000083f7  Example_setResultFail                    
0     000083fc  Example_done                             
0     000083fd  SysCtl_setClock                          
0     00008606  SysCtl_selectXTAL                        
0     00008696  __c28xabi_divf                           
0     0000871e  INT_myADCA_1_ISR                         
0     0000879d  ADC_setOffsetTrim                        
0     00008800  ADC_setINLTrim                           
0     0000886f  SysCtl_getDeviceParametric               
0     000088d7  GPIO_setPadConfig                        
0     00008929  SysCtl_getClock                          
0     0000897a  SysCtl_selectOscSource                   
0     000089c2  GPIO_setControllerCore                   
0     000089f9  GPIO_setPinConfig                        
0     00008a30  GPIO_setQualificationMode                
0     00008a67  Interrupt_enable                         
0     00008a9e  GPIO_setDirectionMode                    
0     00008acf  ADC_setMode                              
0     00008afe  __TI_decompress_lzss                     
0     00008b2c  __TI_auto_init_nobinit_nopinit           
0     00008b57  C$$EXIT                                  
0     00008b57  abort                                    
0     00008b59  exit                                     
0     00008bc7  Interrupt_initVectorTable                
0     00008be5  memcpy                                   
0     00008c37  SysCtl_getLowSpeedClock                  
0     00008c68  _c_int00                                 
0     00008c7f  Interrupt_defaultHandler                 
0     00008d15  __TI_zero_init_nomemset                  
0     00008d22  _args_main                               
0     00008d39  Interrupt_illegalOperationHandler        
0     00008d43  Interrupt_nmiHandler                     
0     00008d56  _register_unlock                         
0     00008d5a  _register_lock                           
0     00008d5e  _nop                                     
0     00008d67  __TI_decompress_none                     
0     0000b524  Board_init                               
0     0000b535  PinMux_init                              
0     0000b561  ADC_init                                 
0     0000b564  myADCA_init                              
0     0000b5ac  DAC_init                                 
0     0000b5af  myDACB_init                              
0     0000b5c8  EPWM_init                                
0     0000b687  GPIO_init                                
0     0000b68e  myGPIOHigh_init                          
0     0000b6a7  myGPIOToggle_init                        
0     0000b6c0  myBoardLED0_GPIO_init                    
0     0000b6d4  INTERRUPT_init                           
0     0000b6e1  SYNC_init                                
0     0000b7b5  main                                     
0     0000b7c0  Interrupt_initModule                     
0     0000b7fd  _system_pre_init                         
0     0000b7ff  _system_post_cinit                       
1     00000400  __stack                                  
1     00000500  __TI_STACK_END                           
1     0000abcb  AdcBuf                                   
1     0000abfd  DacOutput                                
1     0000abfe  DacOffset                                
1     0000ac00  QuadratureTable                          
1     0000ac1a  Example_Result                           
1     0000ac1c  Example_PassCount                        
1     0000ac1e  Example_Fail                             
1     0000ac20  DEBUG_TOGGLE                             
1     0000ac21  SINE_ENABLE                              
1     0000ac26  __TI_enable_exit_profile_output          
1     0000ac28  __TI_cleanup_ptr                         
1     0000ac2a  __TI_dtors_ptr                           
1     0000ac2c  _lock                                    
1     0000ac2e  _unlock                                  
abs   00000100  __TI_STACK_SIZE                          
abs   ffffffff  __TI_pprof_out_hndl                      
abs   ffffffff  __TI_prof_data_size                      
abs   ffffffff  __TI_prof_data_start                     
n/a   UNDEFED   __c_args__                               

[91 symbols]
